// Jest Snapshot v1, https://goo.gl/fbAQLP

exports[`The GoogleSearchIndexChecker stack matches the snapshot 1`] = `
Object {
  "Metadata": Object {
    "gu:cdk:constructs": Array [],
    "gu:cdk:version": "TEST",
  },
}
`;
